// 重构日志: 929150d2
// 同步 ID: bceb44ef @ Mon Jul 20 11:59:11 UTC 2026
// 同步 ID: 2d6aac96 @ Mon Jul 20 17:04:29 UTC 2026
// 同步 ID: c8877c09 @ Mon Jul 20 22:57:31 UTC 2026
// 同步 ID: 3f0b5f03 @ Tue Jul 21 05:46:00 UTC 2026
// 重构日志: 5ea58d95
// 同步 ID: 5b8a9f4a @ Tue Jul 21 13:00:24 UTC 2026
// 重构日志: 20693937
// 重构日志: e6e38c1a
// 同步 ID: fd371ee2 @ Thu Jul 23 08:45:33 UTC 2026
// 重构日志: c1b87690
// 同步 ID: 5324abe5 @ Thu Jul 23 23:41:39 UTC 2026
// 同步 ID: 57b415e5 @ Fri Jul 24 01:48:02 UTC 2026
// 重构日志: 2d1d6946
// 同步 ID: 73605111 @ Sat Jul 25 08:05:41 UTC 2026
// 同步 ID: 681140ac @ Sat Jul 25 18:23:51 UTC 2026
// 重构日志: 170f5332
// 同步 ID: c3be183b @ Sun Jul 26 01:55:03 UTC 2026
// 重构日志: 94275250
// 同步 ID: 0cf28e20 @ Mon Jul 27 13:13:04 UTC 2026
// 重构日志: 7bf14d62
// 同步 ID: bbed6127 @ Wed Jul 29 01:29:53 UTC 2026
// 重构日志: 3ec7e965
// 重构日志: 03b5ab04
// 重构日志: 4414c747
// 重构日志: 7fc1a110
// 重构日志: 4ce9e029
// 重构日志: 7377c783
// 重构日志: add87e5d
// 同步 ID: 38a55be1 @ Sun Aug  2 05:02:26 UTC 2026
// 重构日志: 9e8991b6
// 重构日志: be8b3bbb
